// Jest Snapshot v1, https://goo.gl/fbAQLP

exports[`<AppHeaderBar />  renders correctly 1`] = `
<header
  className="MuiPaper-root MuiPaper-elevation MuiPaper-elevation4 MuiAppBar-root MuiAppBar-colorPrimary MuiAppBar-positionStatic css-hip9hq-MuiPaper-root-MuiAppBar-root"
>
  <div
    className="MuiToolbar-root MuiToolbar-gutters MuiToolbar-regular toolbar css-1t29gy6-MuiToolbar-root"
  >
    <div
      className="MuiGrid-root MuiGrid-container MuiGrid-spacing-xs-undefined css-9cyib4-MuiGrid-root"
    >
      <img
        alt="Metro Fare logo"
        height="32"
        src="metro-fare-logo.jpg"
        width="32"
      />
      <h6
        className="MuiTypography-root MuiTypography-h6 css-2ulfj5-MuiTypography-root"
        style={
          Object {
            "flexGrow": 1,
            "marginLeft": "8px",
          }
        }
      >
        MetroFare
      </h6>
      <button
        aria-label="menu"
        className="MuiButtonBase-root MuiIconButton-root MuiIconButton-colorInherit MuiIconButton-edgeStart MuiIconButton-sizeMedium css-1d6w9lk-MuiButtonBase-root-MuiIconButton-root"
        disabled={false}
        onBlur={[Function]}
        onContextMenu={[Function]}
        onDragLeave={[Function]}
        onFocus={[Function]}
        onKeyDown={[Function]}
        onKeyUp={[Function]}
        onMouseDown={[Function]}
        onMouseLeave={[Function]}
        onMouseUp={[Function]}
        onTouchEnd={[Function]}
        onTouchMove={[Function]}
        onTouchStart={[Function]}
        tabIndex={0}
        type="button"
      >
        <svg
          aria-hidden={true}
          className="MuiSvgIcon-root MuiSvgIcon-fontSizeMedium css-i4bv87-MuiSvgIcon-root"
          data-testid="drawer-btn"
          focusable="false"
          onClick={[Function]}
          viewBox="0 0 24 24"
        >
          <path
            d="M3 18h18v-2H3v2zm0-5h18v-2H3v2zm0-7v2h18V6H3z"
          />
        </svg>
      </button>
    </div>
  </div>
</header>
`;
